2025-10-25 16:24:09 +0000  Initial pipeline context: <IDEDistributionProcessingPipelineContext: 0xaeab9c900; archive(resolved)="<IDEArchive: 0xae86fe3e0>", distributionTask(resolved)="2", distributionDestination(resolved)="1", distributionMethod(resolved)="<IDEDistributionMethodDevelopmentSignedMac: 0xae9980850>", team(resolved)="<IDEProvisioningDisambiguatableBasicTeam: 0xadc4b6900; teamID='Z66QVF9XBZ', teamName='Svija', teamType='Company', username='tech@svija.com', isFreeProvisioningTeam='0'>">
	Chain (13, self inclusive):
	<IDEDistributionProcessingPipelineContext: 0xaeab9c900; archive = "<IDEArchive: 0xae86fe3e0>", distributionMethod="<IDEDistributionMethodDevelopmentSignedMac: 0xae9980850>", team="<IDEProvisioningDisambiguatableBasicTeam: 0xadc4b6900; teamID='Z66QVF9XBZ', teamName='Svija', teamType='Company', username='tech@svija.com', isFreeProvisioningTeam='0'>">
	<IDEDistributionProcessingPipelineContext: 0xaeab9cc00; archive = "<IDEArchive: 0xae86fe3e0>", distributionMethod="<IDEDistributionMethodDevelopmentSignedMac: 0xae9980850>", team="<IDEProvisioningDisambiguatableBasicTeam: 0xadc4b6900; teamID='Z66QVF9XBZ', teamName='Svija', teamType='Company', username='tech@svija.com', isFreeProvisioningTeam='0'>">
	<IDEDistributionContext: 0xad4980c80; archive = "<IDEArchive: 0xae86fe3e0>", distributionMethod="<IDEDistributionMethodDevelopmentSignedMac: 0xae9980850>", team="<IDEProvisioningDisambiguatableBasicTeam: 0xadc4b6900; teamID='Z66QVF9XBZ', teamName='Svija', teamType='Company', username='tech@svija.com', isFreeProvisioningTeam='0'>">
	<IDEDistributionContext: 0xad5a4ad00; archive = "<IDEArchive: 0xae86fe3e0>", distributionMethod="<IDEDistributionMethodDevelopmentSignedMac: 0xae9980850>", team="<IDEProvisioningDisambiguatableBasicTeam: 0xadc4b6900; teamID='Z66QVF9XBZ', teamName='Svija', teamType='Company', username='tech@svija.com', isFreeProvisioningTeam='0'>">
	<IDEDistributionContext: 0xad4989b80; archive = "<IDEArchive: 0xae86fe3e0>", distributionMethod="<IDEDistributionMethodDevelopmentSignedMac: 0xae9980850>", team="<IDEProvisioningDisambiguatableBasicTeam: 0xadc4b6900; teamID='Z66QVF9XBZ', teamName='Svija', teamType='Company', username='tech@svija.com', isFreeProvisioningTeam='0'>">
	<IDEDistributionContext: 0xad4988000; archive = "<IDEArchive: 0xae86fe3e0>", distributionMethod="<IDEDistributionMethodDevelopmentSignedMac: 0xae9980850>", team="<IDEProvisioningDisambiguatableBasicTeam: 0xadc4b6900; teamID='Z66QVF9XBZ', teamName='Svija', teamType='Company', username='tech@svija.com', isFreeProvisioningTeam='0'>">
	<IDEDistributionContext: 0xad4b92d00; archive = "<IDEArchive: 0xae86fe3e0>", distributionMethod="<IDEDistributionMethodDevelopmentSignedMac: 0xae9980850>", team="<IDEProvisioningDisambiguatableBasicTeam: 0xadc4b6900; teamID='Z66QVF9XBZ', teamName='Svija', teamType='Company', username='tech@svija.com', isFreeProvisioningTeam='0'>">
	<IDEDistributionContext: 0xad4b56f80; archive = "<IDEArchive: 0xae86fe3e0>", distributionMethod="<IDEDistributionMethodDevelopmentSignedMac: 0xae9980850>", team="<IDEProvisioningDisambiguatableBasicTeam: 0xadc4b6900; teamID='Z66QVF9XBZ', teamName='Svija', teamType='Company', username='tech@svija.com', isFreeProvisioningTeam='0'>">
	<IDEDistributionContext: 0xad4b57480; archive = "<IDEArchive: 0xae86fe3e0>", distributionMethod="<IDEDistributionMethodDevelopmentSignedMac: 0xae9980850>", team="(null)">
	<IDEDistributionContext: 0xad4b57200; archive = "<IDEArchive: 0xae86fe3e0>", distributionMethod="<IDEDistributionMethodDevelopmentSignedMac: 0xae9980850>", team="(null)">
	<IDEDistributionContext: 0xad5a4b480; archive = "<IDEArchive: 0xae86fe3e0>", distributionMethod="(null)", team="(null)">
	<IDEDistributionContext: 0xad4b92a80; archive = "<IDEArchive: 0xae86fe3e0>", distributionMethod="(null)", team="(null)">
	<IDEDistributionContext: 0xad4b92800; archive = "<IDEArchive: 0xae86fe3e0>", distributionMethod="(null)", team="(null)">
</IDEDistributionProcessingPipelineContext: 0xaeab9c900>
2025-10-25 16:24:09 +0000  Processing step: IDEDistributionCreateDestRootStep
2025-10-25 16:24:09 +0000  Processing step: IDEDistributionCopyItemStep
2025-10-25 16:24:09 +0000  Running /usr/bin/ditto '-V' '/Users/Main/Library/Developer/Xcode/Archives/2025-10-25/Svija Sync Beta 25-10-2025, 18.23.xcarchive/Products/Applications/Pwika Sync Beta.app' '/var/folders/nw/bcq6t8ln2nx87lsgg3x98d6h0000gp/T/XcodeDistPipeline.~~~tYl0c6/Root/Applications/Pwika Sync Beta.app'
2025-10-25 16:24:09 +0000  >>> Copying /Users/Main/Library/Developer/Xcode/Archives/2025-10-25/Svija Sync Beta 25-10-2025, 18.23.xcarchive/Products/Applications/Pwika Sync Beta.app 
2025-10-25 16:24:09 +0000  copying file ./Contents/_CodeSignature/CodeResources ... 
2025-10-25 16:24:09 +0000  9086 bytes for ./Contents/_CodeSignature/CodeResources
2025-10-25 16:24:09 +0000  copying file ./Contents/MacOS/Pwika Sync Beta ... 
2025-10-25 16:24:09 +0000  971600 bytes for ./Contents/MacOS/Pwika Sync Beta
2025-10-25 16:24:09 +0000  copying file ./Contents/Resources/en.lproj/Localizable.strings ... 
2025-10-25 16:24:09 +0000  12260 bytes for ./Contents/Resources/en.lproj/Localizable.strings
2025-10-25 16:24:09 +0000  copying file ./Contents/Resources/rsync-debug ... 
2025-10-25 16:24:09 +0000  8706498 bytes for ./Contents/Resources/rsync-debug
2025-10-25 16:24:09 +0000  copying file ./Contents/Resources/check-connection.sh ... 
2025-10-25 16:24:09 +0000  443 bytes for ./Contents/Resources/check-connection.sh
2025-10-25 16:24:09 +0000  copying file ./Contents/Resources/rsync ... 
2025-10-25 16:24:09 +0000  8757968 bytes for ./Contents/Resources/rsync
2025-10-25 16:24:09 +0000  copying file ./Contents/Resources/AppIcon.icns ... 
2025-10-25 16:24:09 +0000  26359 bytes for ./Contents/Resources/AppIcon.icns
2025-10-25 16:24:09 +0000  copying file ./Contents/Resources/Base.lproj/Main.storyboardc/MainMenu.nib/keyedobjects-110000.nib ... 
2025-10-25 16:24:09 +0000  5812 bytes for ./Contents/Resources/Base.lproj/Main.storyboardc/MainMenu.nib/keyedobjects-110000.nib
2025-10-25 16:24:09 +0000  copying file ./Contents/Resources/Base.lproj/Main.storyboardc/MainMenu.nib/keyedobjects.nib ... 
2025-10-25 16:24:09 +0000  5812 bytes for ./Contents/Resources/Base.lproj/Main.storyboardc/MainMenu.nib/keyedobjects.nib
2025-10-25 16:24:09 +0000  copying file ./Contents/Resources/Base.lproj/Main.storyboardc/XfG-lQ-9wD-view-m2S-Jp-Qdl.nib/keyedobjects-110000.nib ... 
2025-10-25 16:24:09 +0000  18191 bytes for ./Contents/Resources/Base.lproj/Main.storyboardc/XfG-lQ-9wD-view-m2S-Jp-Qdl.nib/keyedobjects-110000.nib
2025-10-25 16:24:09 +0000  copying file ./Contents/Resources/Base.lproj/Main.storyboardc/XfG-lQ-9wD-view-m2S-Jp-Qdl.nib/keyedobjects.nib ... 
2025-10-25 16:24:09 +0000  18191 bytes for ./Contents/Resources/Base.lproj/Main.storyboardc/XfG-lQ-9wD-view-m2S-Jp-Qdl.nib/keyedobjects.nib
2025-10-25 16:24:09 +0000  copying file ./Contents/Resources/Base.lproj/Main.storyboardc/NSWindowController-B8D-0N-5wS.nib/keyedobjects-110000.nib ... 
2025-10-25 16:24:09 +0000  2936 bytes for ./Contents/Resources/Base.lproj/Main.storyboardc/NSWindowController-B8D-0N-5wS.nib/keyedobjects-110000.nib
2025-10-25 16:24:09 +0000  copying file ./Contents/Resources/Base.lproj/Main.storyboardc/NSWindowController-B8D-0N-5wS.nib/keyedobjects.nib ... 
2025-10-25 16:24:09 +0000  2936 bytes for ./Contents/Resources/Base.lproj/Main.storyboardc/NSWindowController-B8D-0N-5wS.nib/keyedobjects.nib
2025-10-25 16:24:09 +0000  copying file ./Contents/Resources/Base.lproj/Main.storyboardc/PreferenceViewController.nib/keyedobjects-110000.nib ... 
2025-10-25 16:24:09 +0000  1553 bytes for ./Contents/Resources/Base.lproj/Main.storyboardc/PreferenceViewController.nib/keyedobjects-110000.nib
2025-10-25 16:24:09 +0000  copying file ./Contents/Resources/Base.lproj/Main.storyboardc/PreferenceViewController.nib/keyedobjects.nib ... 
2025-10-25 16:24:09 +0000  1553 bytes for ./Contents/Resources/Base.lproj/Main.storyboardc/PreferenceViewController.nib/keyedobjects.nib
2025-10-25 16:24:09 +0000  copying file ./Contents/Resources/Base.lproj/Main.storyboardc/Info.plist ... 
2025-10-25 16:24:09 +0000  548 bytes for ./Contents/Resources/Base.lproj/Main.storyboardc/Info.plist
2025-10-25 16:24:09 +0000  copying file ./Contents/Resources/Base.lproj/Main.storyboardc/tq7-ga-eHi-view-YfV-v3-GSE.nib/keyedobjects-110000.nib ... 
2025-10-25 16:24:09 +0000  33954 bytes for ./Contents/Resources/Base.lproj/Main.storyboardc/tq7-ga-eHi-view-YfV-v3-GSE.nib/keyedobjects-110000.nib
2025-10-25 16:24:09 +0000  copying file ./Contents/Resources/Base.lproj/Main.storyboardc/tq7-ga-eHi-view-YfV-v3-GSE.nib/keyedobjects.nib ... 
2025-10-25 16:24:09 +0000  33994 bytes for ./Contents/Resources/Base.lproj/Main.storyboardc/tq7-ga-eHi-view-YfV-v3-GSE.nib/keyedobjects.nib
2025-10-25 16:24:09 +0000  copying file ./Contents/Resources/last-owner.sh ... 
2025-10-25 16:24:09 +0000  539 bytes for ./Contents/Resources/last-owner.sh
2025-10-25 16:24:09 +0000  copying file ./Contents/Resources/Assets.car ... 
2025-10-25 16:24:09 +0000  1290984 bytes for ./Contents/Resources/Assets.car
2025-10-25 16:24:09 +0000  copying file ./Contents/Resources/upload.sh ... 
2025-10-25 16:24:09 +0000  760 bytes for ./Contents/Resources/upload.sh
2025-10-25 16:24:09 +0000  copying file ./Contents/Resources/version.sh ... 
2025-10-25 16:24:09 +0000  182 bytes for ./Contents/Resources/version.sh
2025-10-25 16:24:09 +0000  copying file ./Contents/Resources/download.sh ... 
2025-10-25 16:24:09 +0000  423 bytes for ./Contents/Resources/download.sh
2025-10-25 16:24:09 +0000  copying file ./Contents/Resources/fr.lproj/Localizable.strings ... 
2025-10-25 16:24:09 +0000  12298 bytes for ./Contents/Resources/fr.lproj/Localizable.strings
2025-10-25 16:24:09 +0000  copying file ./Contents/Resources/Credits.html ... 
2025-10-25 16:24:09 +0000  662 bytes for ./Contents/Resources/Credits.html
2025-10-25 16:24:09 +0000  copying file ./Contents/Info.plist ... 
2025-10-25 16:24:09 +0000  1829 bytes for ./Contents/Info.plist
2025-10-25 16:24:09 +0000  copying file ./Contents/PkgInfo ... 
2025-10-25 16:24:09 +0000  8 bytes for ./Contents/PkgInfo
2025-10-25 16:24:09 +0000  /usr/bin/ditto exited with 0
2025-10-25 16:24:09 +0000  Processing step: IDEDistributionEmbedProfileStep
2025-10-25 16:24:09 +0000  Skipping profile for item: <IDEDistributionItem: 0xad8ff8a20; bundleID='(null)', path='<DVTFilePath:0xad86430c0:'/Users/Main/Library/Developer/Xcode/Archives/2025-10-25/Svija Sync Beta 25-10-2025, 18.23.xcarchive/Products/Applications/Pwika Sync Beta.app/Contents/Resources/rsync'>', codeSigningInfo='<_DVTCodeSigningInformation_Path: 0xad8ffa160; isSigned='1', isAdHocSigned='1', signingCertificate='(null)', entitlements='{
    "com.apple.security.app-sandbox" = 1;
    "com.apple.security.inherit" = 1;
}', teamID='(null)', identifier='rsync-555549448bc57c6a81c73d7baf2b7e5cc970b505', executablePath='<DVTFilePath:0xad86430c0:'/Users/Main/Library/Developer/Xcode/Archives/2025-10-25/Svija Sync Beta 25-10-2025, 18.23.xcarchive/Products/Applications/Pwika Sync Beta.app/Contents/Resources/rsync'>', hardenedRuntime='1'>'>
2025-10-25 16:24:09 +0000  Skipping profile for item: <IDEDistributionItem: 0xad8ff87e0; bundleID='(null)', path='<DVTFilePath:0xad8643180:'/Users/Main/Library/Developer/Xcode/Archives/2025-10-25/Svija Sync Beta 25-10-2025, 18.23.xcarchive/Products/Applications/Pwika Sync Beta.app/Contents/Resources/rsync-debug'>', codeSigningInfo='<_DVTCodeSigningInformation_Path: 0xad8ff88a0; isSigned='1', isAdHocSigned='1', signingCertificate='(null)', entitlements='(null)', teamID='(null)', identifier='rsync', executablePath='<DVTFilePath:0xad8643180:'/Users/Main/Library/Developer/Xcode/Archives/2025-10-25/Svija Sync Beta 25-10-2025, 18.23.xcarchive/Products/Applications/Pwika Sync Beta.app/Contents/Resources/rsync-debug'>', hardenedRuntime='0'>'>
2025-10-25 16:24:09 +0000  Skipping profile for item: <IDEDistributionItem: 0xad8ff9e60; bundleID='love.svija.svijasyncbeta', path='<DVTFilePath:0xaea909200:'/Users/Main/Library/Developer/Xcode/Archives/2025-10-25/Svija Sync Beta 25-10-2025, 18.23.xcarchive/Products/Applications/Pwika Sync Beta.app'>', codeSigningInfo='<_DVTCodeSigningInformation_Path: 0xad8ff9020; isSigned='1', isAdHocSigned='0', signingCertificate='<DVTSigningCertificate: 0xaddece700; name='Apple Development: Andrew Swift (3LDYPQ6Z4Z)', hash='E546A6653BDE45565A3FEE58A645E17BC19A1499', serialNumber='310A6A0987762404CBE2AA1386B8352F', certificateKinds='(
    "1.2.840.113635.100.6.1.12",
    "1.2.840.113635.100.6.1.2"
), issueDate='2025-10-15 14:43:33 +0000''>', entitlements='{
    "com.apple.security.app-sandbox" = 1;
    "com.apple.security.files.user-selected.read-write" = 1;
    "com.apple.security.network.client" = 1;
}', teamID='Z66QVF9XBZ', identifier='love.svija.svijasyncbeta', executablePath='<DVTFilePath:0xaea90bf00:'/Users/Main/Library/Developer/Xcode/Archives/2025-10-25/Svija Sync Beta 25-10-2025, 18.23.xcarchive/Products/Applications/Pwika Sync Beta.app/Contents/MacOS/Pwika Sync Beta'>', hardenedRuntime='1'>'>
2025-10-25 16:24:09 +0000  Processing step: IDEDistributionInfoPlistStep
2025-10-25 16:24:09 +0000  Skipping step: IDEDistributionInfoPlistStep because it said so
2025-10-25 16:24:09 +0000  Skipping step: IDEDistributionInfoPlistStep because it said so
2025-10-25 16:24:09 +0000  Skipping step: IDEDistributionInfoPlistStep because it said so
2025-10-25 16:24:09 +0000  Processing step: IDEDistributionAppThinningPlistStep
2025-10-25 16:24:09 +0000  Processing step: IDEDistributionSymbolsStep
2025-10-25 16:24:09 +0000  Skipping step: IDEDistributionSymbolsStep because it said so
2025-10-25 16:24:09 +0000  Processing step: IDEDistributionAppThinningStep
2025-10-25 16:24:09 +0000  Skipping step: IDEDistributionAppThinningStep because it said so
2025-10-25 16:24:09 +0000  Processing step: IDEDistributionArchThinningStep
2025-10-25 16:24:09 +0000  Archs to thin for item /Users/Main/Library/Developer/Xcode/Archives/2025-10-25/Svija Sync Beta 25-10-2025, 18.23.xcarchive/Products/Applications/Pwika Sync Beta.app/Contents/Resources/rsync are []
2025-10-25 16:24:09 +0000  Archs to thin for item /Users/Main/Library/Developer/Xcode/Archives/2025-10-25/Svija Sync Beta 25-10-2025, 18.23.xcarchive/Products/Applications/Pwika Sync Beta.app/Contents/Resources/rsync-debug are []
2025-10-25 16:24:09 +0000  Archs to thin for item /Users/Main/Library/Developer/Xcode/Archives/2025-10-25/Svija Sync Beta 25-10-2025, 18.23.xcarchive/Products/Applications/Pwika Sync Beta.app are []
2025-10-25 16:24:09 +0000  Processing step: IDEDistributionODRStep
2025-10-25 16:24:09 +0000  Processing step: IDEDistributionStripXattrsStep
2025-10-25 16:24:09 +0000  Skipping stripping extended attributes because the codesign step will strip them.
2025-10-25 16:24:09 +0000  Skipping stripping extended attributes because the codesign step will strip them.
2025-10-25 16:24:09 +0000  Skipping stripping extended attributes because the codesign step will strip them.
2025-10-25 16:24:09 +0000  Processing step: IDEDistributionCodesignStep
2025-10-25 16:24:09 +0000  Entitlements for <IDEDistributionItem: 0xad8ff8a20; bundleID='(null)', path='<DVTFilePath:0xad86430c0:'/Users/Main/Library/Developer/Xcode/Archives/2025-10-25/Svija Sync Beta 25-10-2025, 18.23.xcarchive/Products/Applications/Pwika Sync Beta.app/Contents/Resources/rsync'>', codeSigningInfo='<_DVTCodeSigningInformation_Path: 0xad8ffa160; isSigned='1', isAdHocSigned='1', signingCertificate='(null)', entitlements='{
    "com.apple.security.app-sandbox" = 1;
    "com.apple.security.inherit" = 1;
}', teamID='(null)', identifier='rsync-555549448bc57c6a81c73d7baf2b7e5cc970b505', executablePath='<DVTFilePath:0xad86430c0:'/Users/Main/Library/Developer/Xcode/Archives/2025-10-25/Svija Sync Beta 25-10-2025, 18.23.xcarchive/Products/Applications/Pwika Sync Beta.app/Contents/Resources/rsync'>', hardenedRuntime='1'>'>: {
    "com.apple.security.app-sandbox" = 1;
    "com.apple.security.inherit" = 1;
}
2025-10-25 16:24:09 +0000  Associated App Clip Identifiers Filter: Skipping because "com.apple.developer.associated-appclip-app-identifiers" is not present
2025-10-25 16:24:09 +0000  Entitlements for <IDEDistributionItem: 0xad8ff8a20; bundleID='(null)', path='<DVTFilePath:0xad86430c0:'/Users/Main/Library/Developer/Xcode/Archives/2025-10-25/Svija Sync Beta 25-10-2025, 18.23.xcarchive/Products/Applications/Pwika Sync Beta.app/Contents/Resources/rsync'>', codeSigningInfo='<_DVTCodeSigningInformation_Path: 0xad8ffa160; isSigned='1', isAdHocSigned='1', signingCertificate='(null)', entitlements='{
    "com.apple.security.app-sandbox" = 1;
    "com.apple.security.inherit" = 1;
}', teamID='(null)', identifier='rsync-555549448bc57c6a81c73d7baf2b7e5cc970b505', executablePath='<DVTFilePath:0xad86430c0:'/Users/Main/Library/Developer/Xcode/Archives/2025-10-25/Svija Sync Beta 25-10-2025, 18.23.xcarchive/Products/Applications/Pwika Sync Beta.app/Contents/Resources/rsync'>', hardenedRuntime='1'>'> are: {
    "com.apple.security.app-sandbox" = 1;
    "com.apple.security.inherit" = 1;
}
2025-10-25 16:24:09 +0000  Writing entitlements for <IDEDistributionItem: 0xad8ff8a20; bundleID='(null)', path='<DVTFilePath:0xad86430c0:'/Users/Main/Library/Developer/Xcode/Archives/2025-10-25/Svija Sync Beta 25-10-2025, 18.23.xcarchive/Products/Applications/Pwika Sync Beta.app/Contents/Resources/rsync'>', codeSigningInfo='<_DVTCodeSigningInformation_Path: 0xad8ffa160; isSigned='1', isAdHocSigned='1', signingCertificate='(null)', entitlements='{
    "com.apple.security.app-sandbox" = 1;
    "com.apple.security.inherit" = 1;
}', teamID='(null)', identifier='rsync-555549448bc57c6a81c73d7baf2b7e5cc970b505', executablePath='<DVTFilePath:0xad86430c0:'/Users/Main/Library/Developer/Xcode/Archives/2025-10-25/Svija Sync Beta 25-10-2025, 18.23.xcarchive/Products/Applications/Pwika Sync Beta.app/Contents/Resources/rsync'>', hardenedRuntime='1'>'> to: /var/folders/nw/bcq6t8ln2nx87lsgg3x98d6h0000gp/T/XcodeDistPipeline.~~~tYl0c6/entitlements~~~DhH0U6
2025-10-25 16:24:09 +0000  invoking codesign: <NSConcreteTask: 0xaea9ea530; launchPath='/usr/bin/codesign', arguments='(
    "-f",
    "-s",
    E546A6653BDE45565A3FEE58A645E17BC19A1499,
    "--entitlements",
    "/var/folders/nw/bcq6t8ln2nx87lsgg3x98d6h0000gp/T/XcodeDistPipeline.~~~tYl0c6/entitlements~~~DhH0U6",
    "--preserve-metadata=identifier,flags,runtime,launch-constraints,library-constraints",
    "--generate-entitlement-der",
    "--strip-disallowed-xattrs",
    "-vvv",
    "/var/folders/nw/bcq6t8ln2nx87lsgg3x98d6h0000gp/T/XcodeDistPipeline.~~~tYl0c6/Root/Applications/Pwika Sync Beta.app/Contents/Resources/rsync"
)'>
2025-10-25 16:24:09 +0000  codesign output: /var/folders/nw/bcq6t8ln2nx87lsgg3x98d6h0000gp/T/XcodeDistPipeline.~~~tYl0c6/Root/Applications/Pwika Sync Beta.app/Contents/Resources/rsync: replacing existing signature
/var/folders/nw/bcq6t8ln2nx87lsgg3x98d6h0000gp/T/XcodeDistPipeline.~~~tYl0c6/Root/Applications/Pwika Sync Beta.app/Contents/Resources/rsync: signed Mach-O universal (x86_64 arm64) [rsync-555549448bc57c6a81c73d7baf2b7e5cc970b505]
2025-10-25 16:24:09 +0000  Entitlements for <IDEDistributionItem: 0xad8ff87e0; bundleID='(null)', path='<DVTFilePath:0xad8643180:'/Users/Main/Library/Developer/Xcode/Archives/2025-10-25/Svija Sync Beta 25-10-2025, 18.23.xcarchive/Products/Applications/Pwika Sync Beta.app/Contents/Resources/rsync-debug'>', codeSigningInfo='<_DVTCodeSigningInformation_Path: 0xad8ff88a0; isSigned='1', isAdHocSigned='1', signingCertificate='(null)', entitlements='(null)', teamID='(null)', identifier='rsync', executablePath='<DVTFilePath:0xad8643180:'/Users/Main/Library/Developer/Xcode/Archives/2025-10-25/Svija Sync Beta 25-10-2025, 18.23.xcarchive/Products/Applications/Pwika Sync Beta.app/Contents/Resources/rsync-debug'>', hardenedRuntime='0'>'>: {
}
2025-10-25 16:24:09 +0000  Associated App Clip Identifiers Filter: Skipping because "com.apple.developer.associated-appclip-app-identifiers" is not present
2025-10-25 16:24:09 +0000  Entitlements for <IDEDistributionItem: 0xad8ff87e0; bundleID='(null)', path='<DVTFilePath:0xad8643180:'/Users/Main/Library/Developer/Xcode/Archives/2025-10-25/Svija Sync Beta 25-10-2025, 18.23.xcarchive/Products/Applications/Pwika Sync Beta.app/Contents/Resources/rsync-debug'>', codeSigningInfo='<_DVTCodeSigningInformation_Path: 0xad8ff88a0; isSigned='1', isAdHocSigned='1', signingCertificate='(null)', entitlements='(null)', teamID='(null)', identifier='rsync', executablePath='<DVTFilePath:0xad8643180:'/Users/Main/Library/Developer/Xcode/Archives/2025-10-25/Svija Sync Beta 25-10-2025, 18.23.xcarchive/Products/Applications/Pwika Sync Beta.app/Contents/Resources/rsync-debug'>', hardenedRuntime='0'>'> are: {
}
2025-10-25 16:24:09 +0000  Writing entitlements for <IDEDistributionItem: 0xad8ff87e0; bundleID='(null)', path='<DVTFilePath:0xad8643180:'/Users/Main/Library/Developer/Xcode/Archives/2025-10-25/Svija Sync Beta 25-10-2025, 18.23.xcarchive/Products/Applications/Pwika Sync Beta.app/Contents/Resources/rsync-debug'>', codeSigningInfo='<_DVTCodeSigningInformation_Path: 0xad8ff88a0; isSigned='1', isAdHocSigned='1', signingCertificate='(null)', entitlements='(null)', teamID='(null)', identifier='rsync', executablePath='<DVTFilePath:0xad8643180:'/Users/Main/Library/Developer/Xcode/Archives/2025-10-25/Svija Sync Beta 25-10-2025, 18.23.xcarchive/Products/Applications/Pwika Sync Beta.app/Contents/Resources/rsync-debug'>', hardenedRuntime='0'>'> to: /var/folders/nw/bcq6t8ln2nx87lsgg3x98d6h0000gp/T/XcodeDistPipeline.~~~tYl0c6/entitlements~~~GzyNxB
2025-10-25 16:24:09 +0000  invoking codesign: <NSConcreteTask: 0xaea9ea260; launchPath='/usr/bin/codesign', arguments='(
    "-f",
    "-s",
    E546A6653BDE45565A3FEE58A645E17BC19A1499,
    "--entitlements",
    "/var/folders/nw/bcq6t8ln2nx87lsgg3x98d6h0000gp/T/XcodeDistPipeline.~~~tYl0c6/entitlements~~~GzyNxB",
    "--preserve-metadata=identifier,flags,runtime,launch-constraints,library-constraints",
    "--generate-entitlement-der",
    "--strip-disallowed-xattrs",
    "-vvv",
    "/var/folders/nw/bcq6t8ln2nx87lsgg3x98d6h0000gp/T/XcodeDistPipeline.~~~tYl0c6/Root/Applications/Pwika Sync Beta.app/Contents/Resources/rsync-debug"
)'>
2025-10-25 16:24:09 +0000  codesign output: /var/folders/nw/bcq6t8ln2nx87lsgg3x98d6h0000gp/T/XcodeDistPipeline.~~~tYl0c6/Root/Applications/Pwika Sync Beta.app/Contents/Resources/rsync-debug: replacing existing signature
/var/folders/nw/bcq6t8ln2nx87lsgg3x98d6h0000gp/T/XcodeDistPipeline.~~~tYl0c6/Root/Applications/Pwika Sync Beta.app/Contents/Resources/rsync-debug: signed Mach-O universal (x86_64 arm64) [rsync-debug]
2025-10-25 16:24:09 +0000  Entitlements for <IDEDistributionItem: 0xad8ff9e60; bundleID='love.svija.svijasyncbeta', path='<DVTFilePath:0xaea909200:'/Users/Main/Library/Developer/Xcode/Archives/2025-10-25/Svija Sync Beta 25-10-2025, 18.23.xcarchive/Products/Applications/Pwika Sync Beta.app'>', codeSigningInfo='<_DVTCodeSigningInformation_Path: 0xad8ff9020; isSigned='1', isAdHocSigned='0', signingCertificate='<DVTSigningCertificate: 0xaddece700; name='Apple Development: Andrew Swift (3LDYPQ6Z4Z)', hash='E546A6653BDE45565A3FEE58A645E17BC19A1499', serialNumber='310A6A0987762404CBE2AA1386B8352F', certificateKinds='(
    "1.2.840.113635.100.6.1.12",
    "1.2.840.113635.100.6.1.2"
), issueDate='2025-10-15 14:43:33 +0000''>', entitlements='{
    "com.apple.security.app-sandbox" = 1;
    "com.apple.security.files.user-selected.read-write" = 1;
    "com.apple.security.network.client" = 1;
}', teamID='Z66QVF9XBZ', identifier='love.svija.svijasyncbeta', executablePath='<DVTFilePath:0xaea90bf00:'/Users/Main/Library/Developer/Xcode/Archives/2025-10-25/Svija Sync Beta 25-10-2025, 18.23.xcarchive/Products/Applications/Pwika Sync Beta.app/Contents/MacOS/Pwika Sync Beta'>', hardenedRuntime='1'>'>: {
    "com.apple.security.app-sandbox" = 1;
    "com.apple.security.files.user-selected.read-write" = 1;
    "com.apple.security.network.client" = 1;
}
2025-10-25 16:24:09 +0000  Associated App Clip Identifiers Filter: Skipping because "com.apple.developer.associated-appclip-app-identifiers" is not present
2025-10-25 16:24:09 +0000  Entitlements for <IDEDistributionItem: 0xad8ff9e60; bundleID='love.svija.svijasyncbeta', path='<DVTFilePath:0xaea909200:'/Users/Main/Library/Developer/Xcode/Archives/2025-10-25/Svija Sync Beta 25-10-2025, 18.23.xcarchive/Products/Applications/Pwika Sync Beta.app'>', codeSigningInfo='<_DVTCodeSigningInformation_Path: 0xad8ff9020; isSigned='1', isAdHocSigned='0', signingCertificate='<DVTSigningCertificate: 0xaddecc6c0; name='Apple Development: Andrew Swift (3LDYPQ6Z4Z)', hash='E546A6653BDE45565A3FEE58A645E17BC19A1499', serialNumber='310A6A0987762404CBE2AA1386B8352F', certificateKinds='(
    "1.2.840.113635.100.6.1.12",
    "1.2.840.113635.100.6.1.2"
), issueDate='2025-10-15 14:43:33 +0000''>', entitlements='{
    "com.apple.security.app-sandbox" = 1;
    "com.apple.security.files.user-selected.read-write" = 1;
    "com.apple.security.network.client" = 1;
}', teamID='Z66QVF9XBZ', identifier='love.svija.svijasyncbeta', executablePath='<DVTFilePath:0xaea90bf00:'/Users/Main/Library/Developer/Xcode/Archives/2025-10-25/Svija Sync Beta 25-10-2025, 18.23.xcarchive/Products/Applications/Pwika Sync Beta.app/Contents/MacOS/Pwika Sync Beta'>', hardenedRuntime='1'>'> are: {
    "com.apple.security.app-sandbox" = 1;
    "com.apple.security.files.user-selected.read-write" = 1;
    "com.apple.security.network.client" = 1;
}
2025-10-25 16:24:09 +0000  Writing entitlements for <IDEDistributionItem: 0xad8ff9e60; bundleID='love.svija.svijasyncbeta', path='<DVTFilePath:0xaea909200:'/Users/Main/Library/Developer/Xcode/Archives/2025-10-25/Svija Sync Beta 25-10-2025, 18.23.xcarchive/Products/Applications/Pwika Sync Beta.app'>', codeSigningInfo='<_DVTCodeSigningInformation_Path: 0xad8ff9020; isSigned='1', isAdHocSigned='0', signingCertificate='<DVTSigningCertificate: 0xaddecc6c0; name='Apple Development: Andrew Swift (3LDYPQ6Z4Z)', hash='E546A6653BDE45565A3FEE58A645E17BC19A1499', serialNumber='310A6A0987762404CBE2AA1386B8352F', certificateKinds='(
    "1.2.840.113635.100.6.1.12",
    "1.2.840.113635.100.6.1.2"
), issueDate='2025-10-15 14:43:33 +0000''>', entitlements='{
    "com.apple.security.app-sandbox" = 1;
    "com.apple.security.files.user-selected.read-write" = 1;
    "com.apple.security.network.client" = 1;
}', teamID='Z66QVF9XBZ', identifier='love.svija.svijasyncbeta', executablePath='<DVTFilePath:0xaea90bf00:'/Users/Main/Library/Developer/Xcode/Archives/2025-10-25/Svija Sync Beta 25-10-2025, 18.23.xcarchive/Products/Applications/Pwika Sync Beta.app/Contents/MacOS/Pwika Sync Beta'>', hardenedRuntime='1'>'> to: /var/folders/nw/bcq6t8ln2nx87lsgg3x98d6h0000gp/T/XcodeDistPipeline.~~~tYl0c6/entitlements~~~KOfbuO
2025-10-25 16:24:09 +0000  invoking codesign: <NSConcreteTask: 0xaea9ea260; launchPath='/usr/bin/codesign', arguments='(
    "-f",
    "-s",
    E546A6653BDE45565A3FEE58A645E17BC19A1499,
    "--entitlements",
    "/var/folders/nw/bcq6t8ln2nx87lsgg3x98d6h0000gp/T/XcodeDistPipeline.~~~tYl0c6/entitlements~~~KOfbuO",
    "--preserve-metadata=identifier,flags,runtime,launch-constraints,library-constraints",
    "--generate-entitlement-der",
    "--strip-disallowed-xattrs",
    "-vvv",
    "/var/folders/nw/bcq6t8ln2nx87lsgg3x98d6h0000gp/T/XcodeDistPipeline.~~~tYl0c6/Root/Applications/Pwika Sync Beta.app"
)'>
2025-10-25 16:24:09 +0000  codesign output: /var/folders/nw/bcq6t8ln2nx87lsgg3x98d6h0000gp/T/XcodeDistPipeline.~~~tYl0c6/Root/Applications/Pwika Sync Beta.app: replacing existing signature
/var/folders/nw/bcq6t8ln2nx87lsgg3x98d6h0000gp/T/XcodeDistPipeline.~~~tYl0c6/Root/Applications/Pwika Sync Beta.app: signed app bundle with Mach-O universal (x86_64 arm64) [love.svija.svijasyncbeta]
2025-10-25 16:24:09 +0000  Processing step: IDEDistributionZipODRItemStep
2025-10-25 16:24:09 +0000  Skipping step: IDEDistributionZipODRItemStep because it said so
2025-10-25 16:24:09 +0000  Skipping step: IDEDistributionZipODRItemStep because it said so
2025-10-25 16:24:09 +0000  Skipping step: IDEDistributionZipODRItemStep because it said so
2025-10-25 16:24:09 +0000  Processing step: IDEDistributionSkipPackagingStep
2025-10-25 16:24:09 +0000  Processing step: IDEDistributionAppStoreInformationStep
2025-10-25 16:24:09 +0000  Skipping step: IDEDistributionAppStoreInformationStep because it said so
2025-10-25 16:24:09 +0000  Processing step: IDEDistributionGenerateProcessedDistributionItems
2025-10-25 16:24:09 +0000  IDEDistributionItem init <DVTFilePath:0xad8ff9500:'/var/folders/nw/bcq6t8ln2nx87lsgg3x98d6h0000gp/T/XcodeDistPipeline.~~~tYl0c6/Root/Applications/Pwika Sync Beta.app/Contents/Resources/rsync-debug'>
2025-10-25 16:24:09 +0000  [OPTIONAL] Didn't find info dictionary for <DVTFilePath:0xad8ff9500:'/var/folders/nw/bcq6t8ln2nx87lsgg3x98d6h0000gp/T/XcodeDistPipeline.~~~tYl0c6/Root/Applications/Pwika Sync Beta.app/Contents/Resources/rsync-debug'>: Error Domain=DVTFoundationNSBundleAdditionsErrorDomain Code=1 "Couldn't load Info dictionary for <DVTFilePath:0xad8ff9500:'/var/folders/nw/bcq6t8ln2nx87lsgg3x98d6h0000gp/T/XcodeDistPipeline.~~~tYl0c6/Root/Applications/Pwika Sync Beta.app/Contents/Resources/rsync-debug'>" UserInfo={NSLocalizedDescription=Couldn't load Info dictionary for <DVTFilePath:0xad8ff9500:'/var/folders/nw/bcq6t8ln2nx87lsgg3x98d6h0000gp/T/XcodeDistPipeline.~~~tYl0c6/Root/Applications/Pwika Sync Beta.app/Contents/Resources/rsync-debug'>}
2025-10-25 16:24:09 +0000  [OPTIONAL] Can't have a profile, not a bundle at <DVTFilePath:0xad8ff9500:'/var/folders/nw/bcq6t8ln2nx87lsgg3x98d6h0000gp/T/XcodeDistPipeline.~~~tYl0c6/Root/Applications/Pwika Sync Beta.app/Contents/Resources/rsync-debug'>
2025-10-25 16:24:09 +0000  IDEDistributionItem init <DVTFilePath:0xad8ffa820:'/var/folders/nw/bcq6t8ln2nx87lsgg3x98d6h0000gp/T/XcodeDistPipeline.~~~tYl0c6/Root/Applications/Pwika Sync Beta.app/Contents/Resources/rsync'>
2025-10-25 16:24:09 +0000  [OPTIONAL] Didn't find info dictionary for <DVTFilePath:0xad8ffa820:'/var/folders/nw/bcq6t8ln2nx87lsgg3x98d6h0000gp/T/XcodeDistPipeline.~~~tYl0c6/Root/Applications/Pwika Sync Beta.app/Contents/Resources/rsync'>: Error Domain=DVTFoundationNSBundleAdditionsErrorDomain Code=1 "Couldn't load Info dictionary for <DVTFilePath:0xad8ffa820:'/var/folders/nw/bcq6t8ln2nx87lsgg3x98d6h0000gp/T/XcodeDistPipeline.~~~tYl0c6/Root/Applications/Pwika Sync Beta.app/Contents/Resources/rsync'>" UserInfo={NSLocalizedDescription=Couldn't load Info dictionary for <DVTFilePath:0xad8ffa820:'/var/folders/nw/bcq6t8ln2nx87lsgg3x98d6h0000gp/T/XcodeDistPipeline.~~~tYl0c6/Root/Applications/Pwika Sync Beta.app/Contents/Resources/rsync'>}
2025-10-25 16:24:09 +0000  [OPTIONAL] Can't have a profile, not a bundle at <DVTFilePath:0xad8ffa820:'/var/folders/nw/bcq6t8ln2nx87lsgg3x98d6h0000gp/T/XcodeDistPipeline.~~~tYl0c6/Root/Applications/Pwika Sync Beta.app/Contents/Resources/rsync'>
2025-10-25 16:24:09 +0000  IDEDistributionItem init <DVTFilePath:0xae1ad9b00:'/var/folders/nw/bcq6t8ln2nx87lsgg3x98d6h0000gp/T/XcodeDistPipeline.~~~tYl0c6/Root/Applications/Pwika Sync Beta.app'>
2025-10-25 16:24:09 +0000  [OPTIONAL] Didn't find embedded provisioning profile for <DVTFilePath:0xae1ad9b00:'/var/folders/nw/bcq6t8ln2nx87lsgg3x98d6h0000gp/T/XcodeDistPipeline.~~~tYl0c6/Root/Applications/Pwika Sync Beta.app'>: Error Domain=NSCocoaErrorDomain Code=4 "No file at <DVTFilePath:0xae87073a0:'/var/folders/nw/bcq6t8ln2nx87lsgg3x98d6h0000gp/T/XcodeDistPipeline.~~~tYl0c6/Root/Applications/Pwika Sync Beta.app/Contents/embedded.provisionprofile'>" UserInfo={NSLocalizedDescription=No file at <DVTFilePath:0xae87073a0:'/var/folders/nw/bcq6t8ln2nx87lsgg3x98d6h0000gp/T/XcodeDistPipeline.~~~tYl0c6/Root/Applications/Pwika Sync Beta.app/Contents/embedded.provisionprofile'>}
2025-10-25 16:24:09 +0000  Processing step: IDEDistributionCreateManifestStep
2025-10-25 16:24:09 +0000  Skipping step: IDEDistributionCreateManifestStep because it said so
